// Jest Snapshot v1, https://goo.gl/fbAQLP

exports[`renders correctly 1`] = `
<RNCSafeAreaView
  style={
    Object {
      "flex": 1,
    }
  }
>
  <Text
    style={
      Object {
        "color": "#121212",
        "fontSize": 16,
        "lineHeight": 27.2,
      }
    }
    testID=""
  >
    Hello World!
  </Text>
</RNCSafeAreaView>
`;
